   0.0000000000000000e+00   1.4845448801280210e+00
   6.0729533000000004e-03   1.4845448801280210e+00
   1.2146185000000000e-02   1.5172722273949186e+00
   1.8219061000000002e-02   1.4938929710015592e+00
   2.4291483999999999e-02   1.4872034159575080e+00
   3.0363195999999999e-02   1.4852950547130912e+00
   3.6433971000000002e-02   1.4843346520044722e+00
   4.2503497000000001e-02   1.4837880002594082e+00
   4.8571725000000003e-02   1.4833075505845144e+00
   5.4638489999999998e-02   1.4828492605722021e+00
   6.0703619000000000e-02   1.4823855931657925e+00
   6.6766937999999998e-02   1.4818972613895611e+00
   7.2828277999999996e-02   1.4813831361426191e+00
   7.8887209999999999e-02   1.4808417076805727e+00
   8.4943768000000003e-02   1.4802587711842390e+00
   9.0997802000000003e-02   1.4796437617013782e+00
   9.7049144000000004e-02   1.4789909490793409e+00
   1.0309762000000000e-01   1.4782997940462070e+00
   1.0914306999999999e-01   1.4775784244809815e+00
   1.1518501000000000e-01   1.4768081053943820e+00
   1.2122342999999999e-01   1.4760027323105787e+00
   1.2725826000000001e-01   1.4751646045398268e+00
   1.3328931999999999e-01   1.4742865337048197e+00
   1.3931641000000000e-01   1.4733684035480823e+00
   1.4533934000000001e-01   1.4724115442381345e+00
   1.5135762999999999e-01   1.4714221398558636e+00
   1.5737095000000001e-01   1.4703965263299648e+00
   1.6337926999999999e-01   1.4693313032548279e+00
   1.6938217000000000e-01   1.4682311682543685e+00
   1.7537905000000001e-01   1.4670881922796546e+00
   1.8136885999999999e-01   1.4659189244143973e+00
   1.8734951999999999e-01   1.4647124986977833e+00
   1.9331214999999999e-01   1.4634685755145336e+00
   1.9921881000000000e-01   1.4622063352614574e+00
   2.0450836999999999e-01   1.4610432319794575e+00
   2.0963091000000000e-01   1.4598924446574728e+00
   2.1545128000000000e-01   1.4585519121729955e+00
   2.2137899000000000e-01   1.4571559604793105e+00
   2.2731741000000000e-01   1.4557152908147750e+00
   2.3325510999999999e-01   1.4542405807062075e+00
   2.3918900000000001e-01   1.4527357176634539e+00
   2.4511761000000001e-01   1.4511988154321436e+00
   2.5104005000000001e-01   1.4496304954695962e+00
   2.5695557000000002e-01   1.4480228144723155e+00
   2.6286293999999999e-01   1.4463905997578554e+00
   2.6876060000000002e-01   1.4447306822106367e+00
   2.7464604999999997e-01   1.4430303942057165e+00
   2.8051035000000002e-01   1.4413048262985466e+00
   2.8630660000000002e-01   1.4395687347745421e+00
   2.9141777000000002e-01   1.4380223972065564e+00
   2.9674402999999999e-01   1.4363713739596267e+00
   3.0253306000000002e-01   1.4345474363817796e+00
   3.0836190000000002e-01   1.4326935115668575e+00
   3.1419501000000000e-01   1.4307891701405073e+00
   3.2002430999999998e-01   1.4288574187346823e+00
   3.2584661999999998e-01   1.4269051675083495e+00
   3.3165971000000000e-01   1.4249167865045658e+00
   3.3746061999999999e-01   1.4229114418630788e+00
   3.4323917999999998e-01   1.4208682353831177e+00
   3.4893829999999998e-01   1.4188386800359030e+00
   3.5388329000000002e-01   1.4170398412291365e+00
   3.5842354999999998e-01   1.4153622126982599e+00
   3.6407760000000000e-01   1.4132874707395753e+00
   3.6980984000000000e-01   1.4111212120775658e+00
   3.7554883000000000e-01   1.4089326606887580e+00
   3.8128255999999999e-01   1.4067147972505685e+00
   3.8700499999999999e-01   1.4044677321755219e+00
   3.9270764000000002e-01   1.4022090401050287e+00
   3.9835219999999999e-01   1.3999405345167428e+00
   4.0335956000000001e-01   1.3978947475360508e+00
   4.0804913999999998e-01   1.3959691736005480e+00
   4.1358253000000000e-01   1.3936727516812999e+00
   4.1922783000000002e-01   1.3913034254388419e+00
   4.2488091000000000e-01   1.3888930033856703e+00
   4.3052605999999999e-01   1.3864615325378364e+00
   4.3615008000000000e-01   1.3840185239027150e+00
   4.4169955999999999e-01   1.3815604946691025e+00
   4.4656235000000000e-01   1.3794130417818555e+00
   4.5089406999999998e-01   1.3774729382969155e+00
   4.5639099999999999e-01   1.3749747453419863e+00
   4.6196081999999999e-01   1.3724258066872848e+00
   4.6753223999999999e-01   1.3698431954083614e+00
   4.7308655999999999e-01   1.3672538835016839e+00
   4.7858366000000002e-01   1.3646572737483709e+00
   4.8359412000000002e-01   1.3622722146244406e+00
   4.8855170999999997e-01   1.3598907715513526e+00
   4.9401514000000002e-01   1.3572316513718339e+00
   4.9951487999999999e-01   1.3545528846825305e+00
   5.0500456999999999e-01   1.3518365681197422e+00
   5.1043848000000003e-01   1.3491159860805142e+00
   5.1528278000000005e-01   1.3466841280305020e+00
   5.2016308000000000e-01   1.3442197518775303e+00
   5.2552989000000006e-01   1.3414821519110631e+00
   5.3096257000000002e-01   1.3386646783233014e+00
   5.3637984999999999e-01   1.3358463478672979e+00
   5.4166243000000003e-01   1.3330973117241294e+00
   5.4643953000000001e-01   1.3305600078458195e+00
   5.5148056999999995e-01   1.3278680852001272e+00
   5.5683181999999998e-01   1.3250142120405990e+00
   5.6219083000000003e-01   1.3221199043468939e+00
   5.6746421000000002e-01   1.3192378798286841e+00
   5.7153323000000000e-01   1.3170060353917199e+00
   5.7625099000000002e-01   1.3144046229840372e+00
   5.8152037000000001e-01   1.3114706147622008e+00
   5.8682292999999996e-01   1.3085127095076723e+00
   5.9204869999999998e-01   1.3055621177480363e+00
   5.9623939000000004e-01   1.3031829237165158e+00
   6.0125883000000002e-01   1.3003111154837477e+00
   6.0649881000000005e-01   1.2973035894768479e+00
   6.1170928000000002e-01   1.2942963197328174e+00
   6.1622664000000005e-01   1.2916473198112968e+00
   6.2002913999999998e-01   1.2894142726267039e+00
   6.2512911000000004e-01   1.2864186395264785e+00
   6.3031148999999997e-01   1.2833549052933662e+00
   6.3528249000000003e-01   1.2803667861531209e+00
   6.3986202000000003e-01   1.2776053261818154e+00
   6.4481065999999998e-01   1.2746345944241346e+00
   6.4994090999999998e-01   1.2715052648833507e+00
   6.5487066999999999e-01   1.2684807709293402e+00
   6.5890981000000004e-01   1.2660004042209239e+00
   6.6393650999999998e-01   1.2628805419505067e+00
   6.6901394000000003e-01   1.2596984733124870e+00
   6.7370596999999999e-01   1.2567592566314978e+00
   6.7805163999999996e-01   1.2539999908355439e+00
   6.8306977999999996e-01   1.2508051023925268e+00
   6.8786988000000004e-01   1.2477462177196608e+00
   6.9231178999999998e-01   1.2448578965354407e+00
   6.9716038999999996e-01   1.2417085517964879e+00
   7.0208013000000002e-01   1.2384650398878461e+00
   7.0584981999999996e-01   1.2359797701494157e+00
   7.0994599999999997e-01   1.2332796304127489e+00
   7.1485237999999995e-01   1.2299792967379246e+00
   7.1900354000000000e-01   1.2271579996830744e+00
   7.2332741000000000e-01   1.2242047834738345e+00
   7.2817483000000005e-01   1.2208872239870343e+00
   7.3244394000000002e-01   1.2178960570567465e+00
   7.3693553999999994e-01   1.2147379453536928e+00
   7.4176067999999995e-01   1.2113131645145321e+00
   7.4570535999999998e-01   1.2084561667389595e+00
   7.5031294999999998e-01   1.2050958715646249e+00
   7.5493929000000004e-01   1.2016529447201112e+00
   7.5802378000000004e-01   1.1993231768434083e+00
   7.6270278999999996e-01   1.1957677736709307e+00
   7.6714530999999997e-01   1.1923228388151150e+00
   7.7091304999999999e-01   1.1893187647091286e+00
   7.7541484000000005e-01   1.1856893755962812e+00
   7.7915895999999996e-01   1.1826245309958261e+00
   7.8366035000000001e-01   1.1788063210708979e+00
   7.8791137000000000e-01   1.1751243784983849e+00
   7.9217409999999999e-01   1.1713360955870598e+00
   7.9592644999999995e-01   1.1679164949358471e+00
   7.9976636999999995e-01   1.1643419891629925e+00
   8.0330484000000002e-01   1.1609223835546785e+00
   8.0675476999999995e-01   1.1575463746338754e+00
   8.1041099000000005e-01   1.1538921058404326e+00
   8.1367743999999997e-01   1.1505248112270343e+00
   8.1753880000000001e-01   1.1464407516663160e+00
   8.2107039999999998e-01   1.1426340981147205e+00
   8.2507759999999997e-01   1.1381628573506888e+00
   8.2876991000000000e-01   1.1339388191435007e+00
   8.3267146999999997e-01   1.1293799031614840e+00
   8.3553801000000005e-01   1.1259172707649090e+00
   8.3875244000000004e-01   1.1219456853423035e+00
   8.4254412000000001e-01   1.1171640989413401e+00
   8.4524083000000005e-01   1.1136820149537183e+00
   8.4827361000000001e-01   1.1096700118830898e+00
   8.5193472999999997e-01   1.1047350662053490e+00
   8.5470197999999997e-01   1.1008795902110762e+00
   8.5755411999999998e-01   1.0968388969849705e+00
   8.6091424000000005e-01   1.0919773250836442e+00
   8.6424445999999999e-01   1.0870331719515831e+00
   8.6681213000000001e-01   1.0831092269757210e+00
   8.6934131999999997e-01   1.0791845229500792e+00
   8.7230121000000005e-01   1.0745122509734677e+00
   8.7549447999999996e-01   1.0693009658710448e+00
   8.7852978000000004e-01   1.0643008045144120e+00
   8.8109227999999995e-01   1.0599235971805923e+00
   8.8326446999999997e-01   1.0561381772284582e+00
   8.8532396999999996e-01   1.0525255502854860e+00
   8.8746873999999998e-01   1.0486956543250296e+00
   8.8971853000000001e-01   1.0445889137935871e+00
   8.9206914000000004e-01   1.0401859812062149e+00
   8.9447710999999996e-01   1.0356008762394473e+00
   8.9689509000000001e-01   1.0309452704120672e+00
   8.9928445000000001e-01   1.0262268923045383e+00
   9.0160218000000003e-01   1.0215442658059259e+00
   9.0378512000000000e-01   1.0170455582951579e+00
   9.0584604999999996e-01   1.0127160493644745e+00
   9.0780406999999996e-01   1.0085583819434445e+00
   9.0964513999999996e-01   1.0045500462225494e+00
   9.1138417000000005e-01   1.0007305731986504e+00
   9.1307574000000002e-01   9.9693899853110968e-01
   9.1477041999999997e-01   9.9309205456090077e-01
   9.1652734999999996e-01   9.8905484640359898e-01
   9.1838001000000002e-01   9.8469541794455806e-01
   9.2027716000000004e-01   9.8018791811967465e-01
   9.2210917999999997e-01   9.7577377239164909e-01
   9.2378373000000003e-01   9.7171040958522015e-01
   9.2531648000000000e-01   9.6797857185795855e-01
   9.2680043000000001e-01   9.6433373096459007e-01
   9.2834364999999996e-01   9.6053290114671475e-01
   9.2997510999999999e-01   9.5651897562412547e-01
   9.3155010000000005e-01   9.5264813083222510e-01
   9.3299646000000003e-01   9.4907917818504928e-01
   9.3434240000000002e-01   9.4578440125974439e-01
   9.3575781000000002e-01   9.4236094386438185e-01
   9.3722733000000003e-01   9.3885974729049260e-01
   9.3861914000000002e-01   9.3559049770161029e-01
   9.3988965000000002e-01   9.3264955312762132e-01
   9.4119059999999999e-01   9.2972469937797153e-01
   9.4253635000000002e-01   9.2675362087747770e-01
   9.4382493999999995e-01   9.2397458781642638e-01
   9.4503753000000001e-01   9.2141285188332300e-01
   9.4625205999999995e-01   9.1889563722117940e-01
   9.4750519000000000e-01   9.1638222456853691e-01
   9.4871322999999996e-01   9.1399835950840358e-01
   9.4984736000000003e-01   9.1182207713380570e-01
   9.5101669000000000e-01   9.0964812940646167e-01
   9.5220490999999996e-01   9.0748640906049149e-01
   9.5329138000000002e-01   9.0557792483505639e-01
   9.5438856999999999e-01   9.0365598994692720e-01
   9.5550615000000005e-01   9.0175329729257836e-01
   9.5657272999999998e-01   8.9997144284684771e-01
   9.5761607000000004e-01   8.9825413127936771e-01
   9.5866960000000001e-01   8.9655166211009085e-01
   9.5970805999999997e-01   8.9491541879546033e-01
   9.6070263000000000e-01   8.9335586799983202e-01
   9.6170104000000001e-01   8.9179482762344031e-01
   9.6270085999999999e-01   8.9028128154975950e-01
   9.6364362999999997e-01   8.8885428836133107e-01
   9.6459841999999996e-01   8.8744974963139100e-01
   9.6553168000000000e-01   8.8606328847708737e-01
   9.6644149000000001e-01   8.8471690855604057e-01
   9.6734542999999995e-01   8.8342449692326108e-01
   9.6822821999999997e-01   8.8217886726768158e-01
   9.6908640000000001e-01   8.8093281574867122e-01
   9.6994849999999999e-01   8.7969702574156394e-01
   9.7078388999999998e-01   8.7852150089271230e-01
   9.7158557999999995e-01   8.7736568081081789e-01
   9.7239089000000001e-01   8.7622053870317829e-01
   9.7316775000000000e-01   8.7509700824578351e-01
   9.7392619000000002e-01   8.7400335542076313e-01
   9.7466249999999999e-01   8.7291187247467095e-01
   9.7539036999999995e-01   8.7183532873980163e-01
   9.7610945000000005e-01   8.7077869460545532e-01
   9.7680528000000000e-01   8.6968266954616469e-01
   9.7747782999999999e-01   8.6866694852869475e-01
   9.7813603999999998e-01   8.6778105034929076e-01
   9.7878896999999998e-01   8.6676558859483865e-01
   9.7942848999999998e-01   8.6573171746435118e-01
   9.8004139999999995e-01   8.6473710341139920e-01
   9.8063643000000000e-01   8.6373833045881288e-01
   9.8122198999999999e-01   8.6274716556816156e-01
   9.8180051999999995e-01   8.6175400274281500e-01
   9.8236973000000005e-01   8.6074906096212778e-01
   9.8292336999999996e-01   8.5977470793885269e-01
   9.8345028000000001e-01   8.5883011040513801e-01
   9.8396634999999999e-01   8.5787736476027832e-01
   9.8447476000000000e-01   8.5694342169430060e-01
   9.8497847000000005e-01   8.5597480007892801e-01
   9.8547350000000000e-01   8.5500044463649416e-01
   9.8595188000000000e-01   8.5400943485822822e-01
   9.8641140999999999e-01   8.5310201503818006e-01
   9.8685727999999995e-01   8.5215404335734957e-01
   9.8729652000000001e-01   8.5120430628299004e-01
   9.8773087000000004e-01   8.5025018407498043e-01
   9.8815944000000000e-01   8.4924390554810758e-01
   9.8858104999999996e-01   8.4832552538153450e-01
   9.8898845999999996e-01   8.4733224150745812e-01
   9.8937726000000004e-01   8.4637202776035902e-01
   9.8975316999999996e-01   8.4550483809700483e-01
   9.9012153999999997e-01   8.4451931967533012e-01
   9.9048486999999996e-01   8.4360580837291643e-01
   9.9084432000000000e-01   8.4267717785567742e-01
   9.9119893999999997e-01   8.4171405878702776e-01
   9.9154792000000003e-01   8.4079478086859638e-01
   9.9188750000000003e-01   8.3979964576289834e-01
   9.9221190000000004e-01   8.3896129127239605e-01
   9.9252172999999999e-01   8.3805253456589934e-01
   9.9281865000000002e-01   8.3713065228161887e-01
   9.9310915000000000e-01   8.3628188727365771e-01
   9.9339504999999995e-01   8.3543135949680203e-01
   9.9367760999999999e-01   8.3460939802196221e-01
   9.9395683000000001e-01   8.3366082147781995e-01
   9.9423238000000003e-01   8.3277618960881372e-01
   9.9450353999999996e-01   8.3199308865043320e-01
   9.9476931999999996e-01   8.3105621718822686e-01
   9.9502422999999995e-01   8.3025080900210879e-01
   9.9526504000000005e-01   8.2942117920045788e-01
   9.9548820999999998e-01   8.2860373186976477e-01
   9.9569923000000005e-01   8.2790285862174229e-01
   9.9590301000000003e-01   8.2716391947144852e-01
   9.9610228000000001e-01   8.2648050685011598e-01
   9.9629838999999998e-01   8.2578886753225145e-01
   9.9649158999999998e-01   8.2503778413944528e-01
   9.9668243999999995e-01   8.2429412343542630e-01
   9.9687124999999999e-01   8.2363882157777812e-01
   9.9705798999999995e-01   8.2288805931556241e-01
   9.9724243999999995e-01   8.2213493361178747e-01
   9.9742321000000000e-01   8.2139528213603552e-01
   9.9760123999999994e-01   8.2070052788037084e-01
   9.9777450999999995e-01   8.2001389203336550e-01
   9.9794181999999998e-01   8.1925513583469078e-01
   9.9810102000000001e-01   8.1857798631648870e-01
   9.9824939999999995e-01   8.1789938777048221e-01
   9.9838512000000001e-01   8.1726151649045053e-01
   9.9850958000000001e-01   8.1683334088109860e-01
   9.9862594999999998e-01   8.1616628894636123e-01
   9.9873575999999997e-01   8.1565527703795393e-01
   9.9884068000000004e-01   8.1514382792175466e-01
   9.9894382999999998e-01   8.1474113547856342e-01
   9.9904517999999998e-01   8.1416475793239518e-01
   9.9914537000000003e-01   8.1354108589618368e-01
   9.9924531000000005e-01   8.1318643707429494e-01
   9.9934515000000002e-01   8.1260201426310985e-01
   9.9944582000000004e-01   8.1196674890195586e-01
   9.9954730999999997e-01   8.1145860044556062e-01
   9.9965137000000004e-01   8.1092598047779518e-01
   9.9975981999999997e-01   8.1012396067659986e-01
   9.9987422999999997e-01   8.0945077614185923e-01
   1.0000000000000000e+00   8.0862494136930085e-01
